// Jest Snapshot v1, https://goo.gl/fbAQLP

exports[`Test in <AddTask /> should show correctly 1`] = `ShallowWrapper {}`;
